
> DBconnect@0.1.0 build
> next build

  ??Next.js 14.2.13
  - Environments: .env

   Creating an optimized production build ...
node.exe : Failed to compile.
위치 줄:1 문자:1
+ & "C:\Program Files\nodejs/
node.exe" "C:\Users\q86jq\App
Data\Roaming\ ...
+ ~~~~~~~~~~~~~~~~~~~~~~~~~~~
~~~~~~~~~~~~~~~~~~~~~~~~~~~~~
~~~~~~~~~~~~~
    + CategoryInfo           
   : NotSpecified: (Failed   
  to compile.:String) [],    
 RemoteException
    + FullyQualifiedErrorId  
   : NativeCommandError
 

./src/context/AuthContext.tsx
Error: 
  [31mx[0m You're importing
 a component that needs creat
eContext. It only works in a 
Client Component but none of 
its parents are marked with "
use client", so they're Serve
r Components by default.
  [31m|[0m Learn more: http
s://nextjs.org/docs/getting-s
tarted/react-essentials
  [31m|[0m 
  [31m|[0m 
   ,-[[36;1;4mC:\Users\q86jq
\OneDrive\Desktop\dev\Nextjs-
Connect-MongoDB\src\context\A
uthContext.tsx[0m:1:1]
 [2m1[0m | import React, { 
createContext, useContext, us
eState, useEffect } from 'rea
ct'
   : [31;1m                ^
^^^^^^^^^^^^[0m
 [2m2[0m | import { User } 
from '../types'
 [2m3[0m | 
 [2m4[0m | interface AuthCo
ntextType {
   `----

  [31mx[0m You're importing
 a component that needs useSt
ate. It only works in a Clien
t Component but none of its p
arents are marked with "use c
lient", so they're Server Com
ponents by default.
  [31m|[0m Learn more: http
s://nextjs.org/docs/getting-s
tarted/react-essentials
  [31m|[0m 
  [31m|[0m 
   ,-[[36;1;4mC:\Users\q86jq
\OneDrive\Desktop\dev\Nextjs-
Connect-MongoDB\src\context\A
uthContext.tsx[0m:1:1]
 [2m1[0m | import React, { 
createContext, useContext, us
eState, useEffect } from 'rea
ct'
   : [31;1m                 
                          ^^^
^^^^^[0m
 [2m2[0m | import { User } 
from '../types'
 [2m3[0m | 
 [2m4[0m | interface AuthCo
ntextType {
   `----

  [31mx[0m You're importing
 a component that needs useEf
fect. It only works in a Clie
nt Component but none of its 
parents are marked with "use 
client", so they're Server Co
mponents by default.
  [31m|[0m Learn more: http
s://nextjs.org/docs/getting-s
tarted/react-essentials
  [31m|[0m 
  [31m|[0m 
   ,-[[36;1;4mC:\Users\q86jq
\OneDrive\Desktop\dev\Nextjs-
Connect-MongoDB\src\context\A
uthContext.tsx[0m:1:1]
 [2m1[0m | import React, { 
createContext, useContext, us
eState, useEffect } from 'rea
ct'
   : [31;1m                 
                             
       ^^^^^^^^^[0m
 [2m2[0m | import { User } 
from '../types'
 [2m3[0m | 
 [2m4[0m | interface AuthCo
ntextType {
   `----

Import trace for requested mo
dule:
./src/context/AuthContext.tsx
./src/app/layout.tsx

./src/context/ShopContext.tsx
Error: 
  [31mx[0m You're importing
 a component that needs creat
eContext. It only works in a 
Client Component but none of 
its parents are marked with "
use client", so they're Serve
r Components by default.
  [31m|[0m Learn more: http
s://nextjs.org/docs/getting-s
tarted/react-essentials
  [31m|[0m 
  [31m|[0m 
   ,-[[36;1;4mC:\Users\q86jq
\OneDrive\Desktop\dev\Nextjs-
Connect-MongoDB\src\context\S
hopContext.tsx[0m:1:1]
 [2m1[0m | import React, { 
createContext, useContext, us
eState, useEffect } from 'rea
ct'
   : [31;1m                ^
^^^^^^^^^^^^[0m
 [2m2[0m | import { Product
, CartItem, Order, Review } f
rom '../types'
 [2m3[0m | import { mockPro
ducts } from '../data/mockPro
ducts'
   `----

  [31mx[0m You're importing
 a component that needs useSt
ate. It only works in a Clien
t Component but none of its p
arents are marked with "use c
lient", so they're Server Com
ponents by default.
  [31m|[0m Learn more: http
s://nextjs.org/docs/getting-s
tarted/react-essentials
  [31m|[0m 
  [31m|[0m 
   ,-[[36;1;4mC:\Users\q86jq
\OneDrive\Desktop\dev\Nextjs-
Connect-MongoDB\src\context\S
hopContext.tsx[0m:1:1]
 [2m1[0m | import React, { 
createContext, useContext, us
eState, useEffect } from 'rea
ct'
   : [31;1m                 
                          ^^^
^^^^^[0m
 [2m2[0m | import { Product
, CartItem, Order, Review } f
rom '../types'
 [2m3[0m | import { mockPro
ducts } from '../data/mockPro
ducts'
   `----

  [31mx[0m You're importing
 a component that needs useEf
fect. It only works in a Clie
nt Component but none of its 
parents are marked with "use 
client", so they're Server Co
mponents by default.
  [31m|[0m Learn more: http
s://nextjs.org/docs/getting-s
tarted/react-essentials
  [31m|[0m 
  [31m|[0m 
   ,-[[36;1;4mC:\Users\q86jq
\OneDrive\Desktop\dev\Nextjs-
Connect-MongoDB\src\context\S
hopContext.tsx[0m:1:1]
 [2m1[0m | import React, { 
createContext, useContext, us
eState, useEffect } from 'rea
ct'
   : [31;1m                 
                             
       ^^^^^^^^^[0m
 [2m2[0m | import { Product
, CartItem, Order, Review } f
rom '../types'
 [2m3[0m | import { mockPro
ducts } from '../data/mockPro
ducts'
   `----

Import trace for requested mo
dule:
./src/context/ShopContext.tsx
./src/app/layout.tsx


> Build failed because of web
pack errors
